  Γû▓ Next.js 14.2.3
  - Environments: .env.local

   Creating an optimized production build ...
node.exe : <w> [webpack.cache.PackFileCacheStrategy/webpack.FileSystemInfo] 
Managed item 
C:\ProyekAplikasiSaya\VidMood\node_modules\@next\swc-win32-ia32-msvc isn't a 
directory or doesn't contain a package.json (see snapshot.managedPaths option)
At C:\Program Files\nodejs\npx.ps1:29 char:3
+   & $NODE_EXE $NPX_CLI_JS $args
+   ~~~~~~~~~~~~~~~~~~~~~~~~~~~~~
    + CategoryInfo          : NotSpecified: (<w> [webpack.ca...edPaths option) 
   :String) [], RemoteException
    + FullyQualifiedErrorId : NativeCommandError
 
<w> [webpack.cache.PackFileCacheStrategy/webpack.FileSystemInfo] Managed item 
C:\ProyekAplikasiSaya\VidMood\node_modules\@next\swc-win32-arm64-msvc isn't a 
directory or doesn't contain a package.json (see snapshot.managedPaths option)
<w> [webpack.cache.PackFileCacheStrategy/webpack.FileSystemInfo] Managed item 
C:\ProyekAplikasiSaya\VidMood\node_modules\@next\swc-linux-x64-gnu isn't a 
directory or doesn't contain a package.json (see snapshot.managedPaths option)
<w> [webpack.cache.PackFileCacheStrategy/webpack.FileSystemInfo] Managed item 
C:\ProyekAplikasiSaya\VidMood\node_modules\@next\swc-linux-x64-musl isn't a 
directory or doesn't contain a package.json (see snapshot.managedPaths option)
<w> [webpack.cache.PackFileCacheStrategy/webpack.FileSystemInfo] Managed item 
C:\ProyekAplikasiSaya\VidMood\node_modules\@next\swc-linux-arm64-musl isn't a 
directory or doesn't contain a package.json (see snapshot.managedPaths option)
<w> [webpack.cache.PackFileCacheStrategy/webpack.FileSystemInfo] Managed item 
C:\ProyekAplikasiSaya\VidMood\node_modules\@next\swc-linux-arm64-gnu isn't a 
directory or doesn't contain a package.json (see snapshot.managedPaths option)
<w> [webpack.cache.PackFileCacheStrategy/webpack.FileSystemInfo] Managed item 
C:\ProyekAplikasiSaya\VidMood\node_modules\@next\swc-darwin-x64 isn't a 
directory or doesn't contain a package.json (see snapshot.managedPaths option)
<w> [webpack.cache.PackFileCacheStrategy/webpack.FileSystemInfo] Managed item 
C:\ProyekAplikasiSaya\VidMood\node_modules\@next\swc-darwin-arm64 isn't a 
directory or doesn't contain a package.json (see snapshot.managedPaths option)
Failed to compile.

./lib/firebase.ts
Module not found: Can't resolve 'firebase/app'

https://nextjs.org/docs/messages/module-not-found

Import trace for requested module:
./services/authService.ts
./app/page.tsx

./lib/firebase.ts
Module not found: Can't resolve 'firebase/firestore'

https://nextjs.org/docs/messages/module-not-found

Import trace for requested module:
./services/authService.ts
./app/page.tsx

./lib/firebase.ts
Module not found: Can't resolve 'firebase/storage'

https://nextjs.org/docs/messages/module-not-found

Import trace for requested module:
./services/authService.ts
./app/page.tsx

./lib/firebase.ts
Module not found: Can't resolve 'firebase/auth'

https://nextjs.org/docs/messages/module-not-found

Import trace for requested module:
./services/authService.ts
./app/page.tsx

./services/authService.ts
Module not found: Can't resolve 'firebase/auth'

https://nextjs.org/docs/messages/module-not-found

Import trace for requested module:
./app/page.tsx


> Build failed because of webpack errors
